=== JíJí Photo Queue Event Log ===
Timestamp: 2026-03-26T19:31:00+08:00 / 2026-03-26T11:31:00Z
Job: jiji-photo-queue (59a2fb7c-3346-4625-acde-1339ee600cae)

QUEUE STATUS:
- go_time: true ✓
- Contract: 0x743e65bd36c03427b6ece0f5534323788af4ffff
- Photos Queued: 19 total
- Previously Posted: 5 (IDs 1-4, 7)
- Unposted Remaining: 14
- Next Index Updated: 4 → 5

=== PROCESSED PHOTO ===
ID: 5
File: /Users/clawdbot/.openclaw/media/inbound/file_14---01421be8-b424-46a4-8e27-1167db1c5ffc.jpg
Caption: "鸡总正在研究下一个土狗

*戴上老花镜看合约*

这Dev是认真的吗？

不管了先冲再说 🐔💀"
Hashtags: NONE (excluded per instruction)
Target: @vanithic
Status: READY_FOR_MANUAL_POST

POSTING STATS:
- Total Posts: 5 → 6
- Last Post Date: 2026-03-26T18:45:00+08:00 → 2026-03-26T19:31:00+08:00

NEXT UP:
- Photo ID: 6 (random caption from caption_options)
- Photo ID: 8-19 (remaining queue)

Note: X/Twitter direct posting not available via current toolset. Photo marked as PENDING_MANUAL_POST for @vanithic delivery.
